---
source: howitt/src/models/terminus.rs
expression: result
---
(
    Terminus {
        termini: Termini {
            first_point: ElevationPoint {
                point: Point(
                    Coord {
                        x: 146.60587,
                        y: -37.2154,
                    },
                ),
                elevation: 1100.0,
            },
            last_point: ElevationPoint {
                point: Point(
                    Coord {
                        x: 146.68021,
                        y: -37.20515,
                    },
                ),
                elevation: 1400.0,
            },
        },
        end: Start,
    },
    Terminus {
        termini: Termini {
            first_point: ElevationPoint {
                point: Point(
                    Coord {
                        x: 146.60587,
                        y: -37.2154,
                    },
                ),
                elevation: 1100.0,
            },
            last_point: ElevationPoint {
                point: Point(
                    Coord {
                        x: 146.68021,
                        y: -37.20515,
                    },
                ),
                elevation: 1400.0,
            },
        },
        end: End,
    },
)
