---
source: src/lib/howitt/src/models/point/delta.rs
expression: "(points, deltas)"
---
(
    [
        ElevationPoint {
            point: POINT(145.0 -37.0),
            elevation: 100.0,
        },
        ElevationPoint {
            point: POINT(145.1 -37.1),
            elevation: 200.0,
        },
        ElevationPoint {
            point: POINT(145.2 -37.2),
            elevation: 300.0,
        },
    ],
    [
        DistanceDelta(
            0.0,
        ),
        DistanceDelta(
            14226.797224188322,
        ),
        DistanceDelta(
            28446.294894661758,
        ),
    ],
)
